[26108:25908:0506/221929.206:WARNING:t_skinfilemap.cpp(56)] SGRenderLog:CheckUpdate newMem.OpenMem failed, szNewMem:Local\sgime_skin.v4.filemap.sogouime err:系统错误2: 系统找不到指定的文件。  
打开Filemap失败: Local\sgime_skin.v4.filemap.sogouime3497d0482e7
[26108:25908:0506/221929.206:WARNING:t_skinfilemap.cpp(65)] SGRenderLog:CheckUpdate finish: old version:1
[26108:25908:0506/221929.206:WARNING:t_skinfilemap.cpp(67)] SGRenderLog:CheckUpdate finish: new version:4
[26108:25908:0506/221929.360:WARNING:t_skinfilemap.cpp(63)] SGRenderLog:CheckUpdate newMem.OpenMem Suc, szNewMem:Local\sgime_skin.Dpi120.v4.filemap.sogouime
[26108:25908:0506/221929.360:WARNING:t_skinfilemap.cpp(65)] SGRenderLog:CheckUpdate finish: old version:4
[26108:25908:0506/221929.360:WARNING:t_skinfilemap.cpp(67)] SGRenderLog:CheckUpdate finish: new version:4
[26108:3312:0506/221929.403:WARNING:n_flashIPCUtil.cpp(124)] n_flashIPCUtil::IPCNSync t_flashStubImpl::CreateControl
[23536:20520:0506/222111.658:WARNING:t_skinfilemap.cpp(56)] SGRenderLog:CheckUpdate newMem.OpenMem failed, szNewMem:Local\sgime_skin.v4.filemap.sogouime err:系统错误2: 系统找不到指定的文件。  
打开Filemap失败: Local\sgime_skin.v4.filemap.sogouime3497d0482e7
[23536:20520:0506/222111.658:WARNING:t_skinfilemap.cpp(65)] SGRenderLog:CheckUpdate finish: old version:1
[23536:20520:0506/222111.658:WARNING:t_skinfilemap.cpp(67)] SGRenderLog:CheckUpdate finish: new version:4
[23536:20520:0506/222111.807:WARNING:t_skinfilemap.cpp(63)] SGRenderLog:CheckUpdate newMem.OpenMem Suc, szNewMem:Local\sgime_skin.Dpi120.v4.filemap.sogouime
[23536:20520:0506/222111.807:WARNING:t_skinfilemap.cpp(65)] SGRenderLog:CheckUpdate finish: old version:4
[23536:20520:0506/222111.807:WARNING:t_skinfilemap.cpp(67)] SGRenderLog:CheckUpdate finish: new version:4
[23536:26732:0506/222111.853:WARNING:n_flashIPCUtil.cpp(124)] n_flashIPCUtil::IPCNSync t_flashStubImpl::CreateControl
[10672:23852:0506/222217.597:WARNING:t_skinfilemap.cpp(56)] SGRenderLog:CheckUpdate newMem.OpenMem failed, szNewMem:Local\sgime_skin.v4.filemap.sogouime err:系统错误2: 系统找不到指定的文件。  
打开Filemap失败: Local\sgime_skin.v4.filemap.sogouime3497d0482e7
[10672:23852:0506/222217.597:WARNING:t_skinfilemap.cpp(65)] SGRenderLog:CheckUpdate finish: old version:1
[10672:23852:0506/222217.597:WARNING:t_skinfilemap.cpp(67)] SGRenderLog:CheckUpdate finish: new version:4
[10672:23852:0506/222217.748:WARNING:t_skinfilemap.cpp(63)] SGRenderLog:CheckUpdate newMem.OpenMem Suc, szNewMem:Local\sgime_skin.Dpi120.v4.filemap.sogouime
[10672:23852:0506/222217.748:WARNING:t_skinfilemap.cpp(65)] SGRenderLog:CheckUpdate finish: old version:4
[10672:23852:0506/222217.748:WARNING:t_skinfilemap.cpp(67)] SGRenderLog:CheckUpdate finish: new version:4
[10672:28576:0506/222217.793:WARNING:n_flashIPCUtil.cpp(124)] n_flashIPCUtil::IPCNSync t_flashStubImpl::CreateControl
[28660:23776:0506/222908.705:WARNING:t_skinfilemap.cpp(56)] SGRenderLog:CheckUpdate newMem.OpenMem failed, szNewMem:Local\sgime_skin.v4.filemap.sogouime err:系统错误2: 系统找不到指定的文件。  
打开Filemap失败: Local\sgime_skin.v4.filemap.sogouime3497d0482e7
[28660:23776:0506/222908.706:WARNING:t_skinfilemap.cpp(65)] SGRenderLog:CheckUpdate finish: old version:1
[28660:23776:0506/222908.706:WARNING:t_skinfilemap.cpp(67)] SGRenderLog:CheckUpdate finish: new version:4
[28660:23776:0506/222908.871:WARNING:t_skinfilemap.cpp(63)] SGRenderLog:CheckUpdate newMem.OpenMem Suc, szNewMem:Local\sgime_skin.Dpi120.v4.filemap.sogouime
[28660:23776:0506/222908.871:WARNING:t_skinfilemap.cpp(65)] SGRenderLog:CheckUpdate finish: old version:4
[28660:23776:0506/222908.871:WARNING:t_skinfilemap.cpp(67)] SGRenderLog:CheckUpdate finish: new version:4
[28660:9720:0506/222908.917:WARNING:n_flashIPCUtil.cpp(124)] n_flashIPCUtil::IPCNSync t_flashStubImpl::CreateControl
[1632:11760:0506/223202.856:WARNING:t_skinfilemap.cpp(56)] SGRenderLog:CheckUpdate newMem.OpenMem failed, szNewMem:Local\sgime_skin.v4.filemap.sogouime err:系统错误2: 系统找不到指定的文件。  
打开Filemap失败: Local\sgime_skin.v4.filemap.sogouime3497d0482e7
[1632:11760:0506/223202.856:WARNING:t_skinfilemap.cpp(65)] SGRenderLog:CheckUpdate finish: old version:1
[1632:11760:0506/223202.856:WARNING:t_skinfilemap.cpp(67)] SGRenderLog:CheckUpdate finish: new version:4
[1632:11760:0506/223203.017:WARNING:t_skinfilemap.cpp(63)] SGRenderLog:CheckUpdate newMem.OpenMem Suc, szNewMem:Local\sgime_skin.Dpi120.v4.filemap.sogouime
[1632:11760:0506/223203.017:WARNING:t_skinfilemap.cpp(65)] SGRenderLog:CheckUpdate finish: old version:4
[1632:11760:0506/223203.017:WARNING:t_skinfilemap.cpp(67)] SGRenderLog:CheckUpdate finish: new version:4
[1632:6172:0506/223203.062:WARNING:n_flashIPCUtil.cpp(124)] n_flashIPCUtil::IPCNSync t_flashStubImpl::CreateControl
[27948:6176:0506/223458.332:WARNING:t_skinfilemap.cpp(56)] SGRenderLog:CheckUpdate newMem.OpenMem failed, szNewMem:Local\sgime_skin.v4.filemap.sogouime err:系统错误2: 系统找不到指定的文件。  
打开Filemap失败: Local\sgime_skin.v4.filemap.sogouime3497d0482e7
[27948:6176:0506/223458.333:WARNING:t_skinfilemap.cpp(65)] SGRenderLog:CheckUpdate finish: old version:1
[27948:6176:0506/223458.333:WARNING:t_skinfilemap.cpp(67)] SGRenderLog:CheckUpdate finish: new version:4
[27948:6176:0506/223458.488:WARNING:t_skinfilemap.cpp(63)] SGRenderLog:CheckUpdate newMem.OpenMem Suc, szNewMem:Local\sgime_skin.Dpi120.v4.filemap.sogouime
[27948:6176:0506/223458.488:WARNING:t_skinfilemap.cpp(65)] SGRenderLog:CheckUpdate finish: old version:4
[27948:6176:0506/223458.488:WARNING:t_skinfilemap.cpp(67)] SGRenderLog:CheckUpdate finish: new version:4
[27948:9788:0506/223458.535:WARNING:n_flashIPCUtil.cpp(124)] n_flashIPCUtil::IPCNSync t_flashStubImpl::CreateControl
[25664:23892:0506/223710.342:WARNING:t_skinfilemap.cpp(56)] SGRenderLog:CheckUpdate newMem.OpenMem failed, szNewMem:Local\sgime_skin.v4.filemap.sogouime err:系统错误2: 系统找不到指定的文件。  
打开Filemap失败: Local\sgime_skin.v4.filemap.sogouime3497d0482e7
[25664:23892:0506/223710.342:WARNING:t_skinfilemap.cpp(65)] SGRenderLog:CheckUpdate finish: old version:1
[25664:23892:0506/223710.342:WARNING:t_skinfilemap.cpp(67)] SGRenderLog:CheckUpdate finish: new version:4
[25664:23892:0506/223710.526:WARNING:t_skinfilemap.cpp(63)] SGRenderLog:CheckUpdate newMem.OpenMem Suc, szNewMem:Local\sgime_skin.Dpi120.v4.filemap.sogouime
[25664:23892:0506/223710.526:WARNING:t_skinfilemap.cpp(65)] SGRenderLog:CheckUpdate finish: old version:4
[25664:23892:0506/223710.526:WARNING:t_skinfilemap.cpp(67)] SGRenderLog:CheckUpdate finish: new version:4
[25664:26132:0506/223710.569:WARNING:n_flashIPCUtil.cpp(124)] n_flashIPCUtil::IPCNSync t_flashStubImpl::CreateControl
[23144:27272:0506/223857.839:WARNING:t_skinfilemap.cpp(56)] SGRenderLog:CheckUpdate newMem.OpenMem failed, szNewMem:Local\sgime_skin.v4.filemap.sogouime err:系统错误2: 系统找不到指定的文件。  
打开Filemap失败: Local\sgime_skin.v4.filemap.sogouime3497d0482e7
[23144:27272:0506/223857.839:WARNING:t_skinfilemap.cpp(65)] SGRenderLog:CheckUpdate finish: old version:1
[23144:27272:0506/223857.839:WARNING:t_skinfilemap.cpp(67)] SGRenderLog:CheckUpdate finish: new version:4
[23144:27272:0506/223858.003:WARNING:t_skinfilemap.cpp(63)] SGRenderLog:CheckUpdate newMem.OpenMem Suc, szNewMem:Local\sgime_skin.Dpi120.v4.filemap.sogouime
[23144:27272:0506/223858.003:WARNING:t_skinfilemap.cpp(65)] SGRenderLog:CheckUpdate finish: old version:4
[23144:27272:0506/223858.003:WARNING:t_skinfilemap.cpp(67)] SGRenderLog:CheckUpdate finish: new version:4
[23144:20656:0506/223858.055:WARNING:n_flashIPCUtil.cpp(124)] n_flashIPCUtil::IPCNSync t_flashStubImpl::CreateControl
[20876:21236:0506/224117.653:WARNING:t_skinfilemap.cpp(56)] SGRenderLog:CheckUpdate newMem.OpenMem failed, szNewMem:Local\sgime_skin.v4.filemap.sogouime err:系统错误2: 系统找不到指定的文件。  
打开Filemap失败: Local\sgime_skin.v4.filemap.sogouime3497d0482e7
[20876:21236:0506/224117.653:WARNING:t_skinfilemap.cpp(65)] SGRenderLog:CheckUpdate finish: old version:1
[20876:21236:0506/224117.653:WARNING:t_skinfilemap.cpp(67)] SGRenderLog:CheckUpdate finish: new version:4
[20876:21236:0506/224117.830:WARNING:t_skinfilemap.cpp(63)] SGRenderLog:CheckUpdate newMem.OpenMem Suc, szNewMem:Local\sgime_skin.Dpi120.v4.filemap.sogouime
[20876:21236:0506/224117.830:WARNING:t_skinfilemap.cpp(65)] SGRenderLog:CheckUpdate finish: old version:4
[20876:21236:0506/224117.830:WARNING:t_skinfilemap.cpp(67)] SGRenderLog:CheckUpdate finish: new version:4
[20876:24720:0506/224117.880:WARNING:n_flashIPCUtil.cpp(124)] n_flashIPCUtil::IPCNSync t_flashStubImpl::CreateControl
[18100:10756:0506/224304.416:WARNING:t_skinfilemap.cpp(56)] SGRenderLog:CheckUpdate newMem.OpenMem failed, szNewMem:Local\sgime_skin.v4.filemap.sogouime err:系统错误2: 系统找不到指定的文件。  
打开Filemap失败: Local\sgime_skin.v4.filemap.sogouime3497d0482e7
[18100:10756:0506/224304.416:WARNING:t_skinfilemap.cpp(65)] SGRenderLog:CheckUpdate finish: old version:1
[18100:10756:0506/224304.416:WARNING:t_skinfilemap.cpp(67)] SGRenderLog:CheckUpdate finish: new version:4
[18100:10756:0506/224304.563:WARNING:t_skinfilemap.cpp(63)] SGRenderLog:CheckUpdate newMem.OpenMem Suc, szNewMem:Local\sgime_skin.Dpi120.v4.filemap.sogouime
[18100:10756:0506/224304.563:WARNING:t_skinfilemap.cpp(65)] SGRenderLog:CheckUpdate finish: old version:4
[18100:10756:0506/224304.563:WARNING:t_skinfilemap.cpp(67)] SGRenderLog:CheckUpdate finish: new version:4
[18100:28160:0506/224304.604:WARNING:n_flashIPCUtil.cpp(124)] n_flashIPCUtil::IPCNSync t_flashStubImpl::CreateControl
[12668:15732:0506/224546.253:WARNING:t_skinfilemap.cpp(56)] SGRenderLog:CheckUpdate newMem.OpenMem failed, szNewMem:Local\sgime_skin.v4.filemap.sogouime err:系统错误2: 系统找不到指定的文件。  
打开Filemap失败: Local\sgime_skin.v4.filemap.sogouime3497d0482e7
[12668:15732:0506/224546.253:WARNING:t_skinfilemap.cpp(65)] SGRenderLog:CheckUpdate finish: old version:1
[12668:15732:0506/224546.253:WARNING:t_skinfilemap.cpp(67)] SGRenderLog:CheckUpdate finish: new version:4
[12668:15732:0506/224546.406:WARNING:t_skinfilemap.cpp(63)] SGRenderLog:CheckUpdate newMem.OpenMem Suc, szNewMem:Local\sgime_skin.Dpi120.v4.filemap.sogouime
[12668:15732:0506/224546.406:WARNING:t_skinfilemap.cpp(65)] SGRenderLog:CheckUpdate finish: old version:4
[12668:15732:0506/224546.406:WARNING:t_skinfilemap.cpp(67)] SGRenderLog:CheckUpdate finish: new version:4
[12668:5464:0506/224546.452:WARNING:n_flashIPCUtil.cpp(124)] n_flashIPCUtil::IPCNSync t_flashStubImpl::CreateControl
[4740:23736:0506/225321.437:WARNING:t_skinfilemap.cpp(56)] SGRenderLog:CheckUpdate newMem.OpenMem failed, szNewMem:Local\sgime_skin.v4.filemap.sogouime err:系统错误2: 系统找不到指定的文件。  
打开Filemap失败: Local\sgime_skin.v4.filemap.sogouime3497d0482e7
[4740:23736:0506/225321.437:WARNING:t_skinfilemap.cpp(65)] SGRenderLog:CheckUpdate finish: old version:1
[4740:23736:0506/225321.437:WARNING:t_skinfilemap.cpp(67)] SGRenderLog:CheckUpdate finish: new version:4
[4740:23736:0506/225321.617:WARNING:t_skinfilemap.cpp(63)] SGRenderLog:CheckUpdate newMem.OpenMem Suc, szNewMem:Local\sgime_skin.Dpi120.v4.filemap.sogouime
[4740:23736:0506/225321.617:WARNING:t_skinfilemap.cpp(65)] SGRenderLog:CheckUpdate finish: old version:4
[4740:23736:0506/225321.617:WARNING:t_skinfilemap.cpp(67)] SGRenderLog:CheckUpdate finish: new version:4
[4740:25996:0506/225321.668:WARNING:n_flashIPCUtil.cpp(124)] n_flashIPCUtil::IPCNSync t_flashStubImpl::CreateControl
[6060:24220:0506/225843.230:WARNING:t_skinfilemap.cpp(56)] SGRenderLog:CheckUpdate newMem.OpenMem failed, szNewMem:Local\sgime_skin.v4.filemap.sogouime err:系统错误2: 系统找不到指定的文件。  
打开Filemap失败: Local\sgime_skin.v4.filemap.sogouime3497d0482e7
[6060:24220:0506/225843.230:WARNING:t_skinfilemap.cpp(65)] SGRenderLog:CheckUpdate finish: old version:1
[6060:24220:0506/225843.230:WARNING:t_skinfilemap.cpp(67)] SGRenderLog:CheckUpdate finish: new version:4
[6060:24220:0506/225843.378:WARNING:t_skinfilemap.cpp(63)] SGRenderLog:CheckUpdate newMem.OpenMem Suc, szNewMem:Local\sgime_skin.Dpi120.v4.filemap.sogouime
[6060:24220:0506/225843.378:WARNING:t_skinfilemap.cpp(65)] SGRenderLog:CheckUpdate finish: old version:4
[6060:24220:0506/225843.378:WARNING:t_skinfilemap.cpp(67)] SGRenderLog:CheckUpdate finish: new version:4
[6060:22688:0506/225843.425:WARNING:n_flashIPCUtil.cpp(124)] n_flashIPCUtil::IPCNSync t_flashStubImpl::CreateControl
